
> sign-language-frontend@0.1.0 dev
> vite

[33mThe CJS build of Vite's Node API is deprecated. See https://vite.dev/guide/troubleshooting.html#vite-cjs-node-api-deprecated for more details.[39m

  VITE v5.4.21  ready in 596 ms

  ➜  Local:   http://localhost:5173/
  ➜  Network: use --host to expose
1:45:48 PM [vite] hmr update /src/components/TraductorIA.css
1:57:49 PM [vite] hmr update /src/components/TraductorIA.jsx
2:01:05 PM [vite] hmr update /src/components/TraductorIA.jsx
2:03:36 PM [vite] hmr update /src/components/TraductorIA.jsx
2:39:59 PM [vite] hmr update /src/components/TraductorIA.jsx
2:40:00 PM [vite] Internal server error: /Users/anahy/sign_language_project2/frontend/react_app/src/components/TraductorIA.jsx: Unexpected token (241:8)

  239 |     }
  240 |         // Si solo estamos explorando (detectando manos)
> 241 |         else if (mode === 'exploracion') {
      |         ^
  242 |         const numHands = data.hands_detected || 0
  243 |         if (numHands > 0 && lastPrediction !== 'hands_detected') {
  244 |             setLastPrediction('hands_detected')
  Plugin: vite:react-babel
  File: /Users/anahy/sign_language_project2/frontend/react_app/src/components/TraductorIA.jsx:241:8
  239|      }
  240|          // Si solo estamos explorando (detectando manos)
  241|          else if (mode === 'exploracion') {
     |          ^
  242|          const numHands = data.hands_detected || 0
  243|          if (numHands > 0 && lastPrediction !== 'hands_detected') {
      at constructor (/Users/anahy/sign_language_project2/frontend/react_app/node_modules/@babel/parser/lib/index.js:367:19)
      at JSXParserMixin.raise (/Users/anahy/sign_language_project2/frontend/react_app/node_modules/@babel/parser/lib/index.js:6624:19)
      at JSXParserMixin.unexpected (/Users/anahy/sign_language_project2/frontend/react_app/node_modules/@babel/parser/lib/index.js:6644:16)
      at JSXParserMixin.parseExprAtom (/Users/anahy/sign_language_project2/frontend/react_app/node_modules/@babel/parser/lib/index.js:11508:22)
      at JSXParserMixin.parseExprAtom (/Users/anahy/sign_language_project2/frontend/react_app/node_modules/@babel/parser/lib/index.js:4793:20)
      at JSXParserMixin.parseExprSubscripts (/Users/anahy/sign_language_project2/frontend/react_app/node_modules/@babel/parser/lib/index.js:11145:23)
      at JSXParserMixin.parseUpdate (/Users/anahy/sign_language_project2/frontend/react_app/node_modules/@babel/parser/lib/index.js:11130:21)
      at JSXParserMixin.parseMaybeUnary (/Users/anahy/sign_language_project2/frontend/react_app/node_modules/@babel/parser/lib/index.js:11110:23)
      at JSXParserMixin.parseMaybeUnaryOrPrivate (/Users/anahy/sign_language_project2/frontend/react_app/node_modules/@babel/parser/lib/index.js:10963:61)
      at JSXParserMixin.parseExprOps (/Users/anahy/sign_language_project2/frontend/react_app/node_modules/@babel/parser/lib/index.js:10968:23)
      at JSXParserMixin.parseMaybeConditional (/Users/anahy/sign_language_project2/frontend/react_app/node_modules/@babel/parser/lib/index.js:10945:23)
      at JSXParserMixin.parseMaybeAssign (/Users/anahy/sign_language_project2/frontend/react_app/node_modules/@babel/parser/lib/index.js:10895:21)
      at JSXParserMixin.parseExpressionBase (/Users/anahy/sign_language_project2/frontend/react_app/node_modules/@babel/parser/lib/index.js:10848:23)
      at /Users/anahy/sign_language_project2/frontend/react_app/node_modules/@babel/parser/lib/index.js:10844:39
      at JSXParserMixin.allowInAnd (/Users/anahy/sign_language_project2/frontend/react_app/node_modules/@babel/parser/lib/index.js:12495:16)
      at JSXParserMixin.parseExpression (/Users/anahy/sign_language_project2/frontend/react_app/node_modules/@babel/parser/lib/index.js:10844:17)
      at JSXParserMixin.parseStatementContent (/Users/anahy/sign_language_project2/frontend/react_app/node_modules/@babel/parser/lib/index.js:12971:23)
      at JSXParserMixin.parseStatementLike (/Users/anahy/sign_language_project2/frontend/react_app/node_modules/@babel/parser/lib/index.js:12843:17)
      at JSXParserMixin.parseStatementListItem (/Users/anahy/sign_language_project2/frontend/react_app/node_modules/@babel/parser/lib/index.js:12823:17)
      at JSXParserMixin.parseBlockOrModuleBlockBody (/Users/anahy/sign_language_project2/frontend/react_app/node_modules/@babel/parser/lib/index.js:13392:61)
      at JSXParserMixin.parseBlockBody (/Users/anahy/sign_language_project2/frontend/react_app/node_modules/@babel/parser/lib/index.js:13385:10)
      at JSXParserMixin.parseBlock (/Users/anahy/sign_language_project2/frontend/react_app/node_modules/@babel/parser/lib/index.js:13373:10)
      at JSXParserMixin.parseFunctionBody (/Users/anahy/sign_language_project2/frontend/react_app/node_modules/@babel/parser/lib/index.js:12174:24)
      at JSXParserMixin.parseFunctionBodyAndFinish (/Users/anahy/sign_language_project2/frontend/react_app/node_modules/@babel/parser/lib/index.js:12160:10)
      at /Users/anahy/sign_language_project2/frontend/react_app/node_modules/@babel/parser/lib/index.js:13521:12
      at JSXParserMixin.withSmartMixTopicForbiddingContext (/Users/anahy/sign_language_project2/frontend/react_app/node_modules/@babel/parser/lib/index.js:12477:14)
      at JSXParserMixin.parseFunction (/Users/anahy/sign_language_project2/frontend/react_app/node_modules/@babel/parser/lib/index.js:13520:10)
      at JSXParserMixin.parseExportDefaultExpression (/Users/anahy/sign_language_project2/frontend/react_app/node_modules/@babel/parser/lib/index.js:13983:19)
      at JSXParserMixin.parseExport (/Users/anahy/sign_language_project2/frontend/react_app/node_modules/@babel/parser/lib/index.js:13904:25)
      at JSXParserMixin.parseStatementContent (/Users/anahy/sign_language_project2/frontend/react_app/node_modules/@babel/parser/lib/index.js:12954:27)
      at JSXParserMixin.parseStatementLike (/Users/anahy/sign_language_project2/frontend/react_app/node_modules/@babel/parser/lib/index.js:12843:17)
      at JSXParserMixin.parseModuleItem (/Users/anahy/sign_language_project2/frontend/react_app/node_modules/@babel/parser/lib/index.js:12820:17)
      at JSXParserMixin.parseBlockOrModuleBlockBody (/Users/anahy/sign_language_project2/frontend/react_app/node_modules/@babel/parser/lib/index.js:13392:36)
      at JSXParserMixin.parseBlockBody (/Users/anahy/sign_language_project2/frontend/react_app/node_modules/@babel/parser/lib/index.js:13385:10)
      at JSXParserMixin.parseProgram (/Users/anahy/sign_language_project2/frontend/react_app/node_modules/@babel/parser/lib/index.js:12698:10)
      at JSXParserMixin.parseTopLevel (/Users/anahy/sign_language_project2/frontend/react_app/node_modules/@babel/parser/lib/index.js:12688:25)
      at JSXParserMixin.parse (/Users/anahy/sign_language_project2/frontend/react_app/node_modules/@babel/parser/lib/index.js:14568:25)
      at parse (/Users/anahy/sign_language_project2/frontend/react_app/node_modules/@babel/parser/lib/index.js:14602:38)
      at parser (/Users/anahy/sign_language_project2/frontend/react_app/node_modules/@babel/core/lib/parser/index.js:41:34)
      at parser.next (<anonymous>)
      at normalizeFile (/Users/anahy/sign_language_project2/frontend/react_app/node_modules/@babel/core/lib/transformation/normalize-file.js:64:37)
      at normalizeFile.next (<anonymous>)
      at run (/Users/anahy/sign_language_project2/frontend/react_app/node_modules/@babel/core/lib/transformation/index.js:22:50)
      at run.next (<anonymous>)
      at transform (/Users/anahy/sign_language_project2/frontend/react_app/node_modules/@babel/core/lib/transform.js:22:33)
      at transform.next (<anonymous>)
      at step (/Users/anahy/sign_language_project2/frontend/react_app/node_modules/gensync/index.js:261:32)
      at /Users/anahy/sign_language_project2/frontend/react_app/node_modules/gensync/index.js:273:13
      at async.call.result.err.err (/Users/anahy/sign_language_project2/frontend/react_app/node_modules/gensync/index.js:223:11)
      at /Users/anahy/sign_language_project2/frontend/react_app/node_modules/gensync/index.js:189:28
2:40:23 PM [vite] hmr update /src/components/TraductorIA.jsx
2:40:23 PM [vite] Internal server error: /Users/anahy/sign_language_project2/frontend/react_app/src/components/TraductorIA.jsx: Unexpected token (246:8)

  244 |     }
  245 |         // Si solo estamos explorando (detectando manos)
> 246 |         else if (mode === 'exploracion') {
      |         ^
  247 |         const numHands = data.hands_detected || 0
  248 |         if (numHands > 0 && lastPrediction !== 'hands_detected') {
  249 |             setLastPrediction('hands_detected')
  Plugin: vite:react-babel
  File: /Users/anahy/sign_language_project2/frontend/react_app/src/components/TraductorIA.jsx:246:8
  244|      }
  245|          // Si solo estamos explorando (detectando manos)
  246|          else if (mode === 'exploracion') {
     |          ^
  247|          const numHands = data.hands_detected || 0
  248|          if (numHands > 0 && lastPrediction !== 'hands_detected') {
      at constructor (/Users/anahy/sign_language_project2/frontend/react_app/node_modules/@babel/parser/lib/index.js:367:19)
      at JSXParserMixin.raise (/Users/anahy/sign_language_project2/frontend/react_app/node_modules/@babel/parser/lib/index.js:6624:19)
      at JSXParserMixin.unexpected (/Users/anahy/sign_language_project2/frontend/react_app/node_modules/@babel/parser/lib/index.js:6644:16)
      at JSXParserMixin.parseExprAtom (/Users/anahy/sign_language_project2/frontend/react_app/node_modules/@babel/parser/lib/index.js:11508:22)
      at JSXParserMixin.parseExprAtom (/Users/anahy/sign_language_project2/frontend/react_app/node_modules/@babel/parser/lib/index.js:4793:20)
      at JSXParserMixin.parseExprSubscripts (/Users/anahy/sign_language_project2/frontend/react_app/node_modules/@babel/parser/lib/index.js:11145:23)
      at JSXParserMixin.parseUpdate (/Users/anahy/sign_language_project2/frontend/react_app/node_modules/@babel/parser/lib/index.js:11130:21)
      at JSXParserMixin.parseMaybeUnary (/Users/anahy/sign_language_project2/frontend/react_app/node_modules/@babel/parser/lib/index.js:11110:23)
      at JSXParserMixin.parseMaybeUnaryOrPrivate (/Users/anahy/sign_language_project2/frontend/react_app/node_modules/@babel/parser/lib/index.js:10963:61)
      at JSXParserMixin.parseExprOps (/Users/anahy/sign_language_project2/frontend/react_app/node_modules/@babel/parser/lib/index.js:10968:23)
      at JSXParserMixin.parseMaybeConditional (/Users/anahy/sign_language_project2/frontend/react_app/node_modules/@babel/parser/lib/index.js:10945:23)
      at JSXParserMixin.parseMaybeAssign (/Users/anahy/sign_language_project2/frontend/react_app/node_modules/@babel/parser/lib/index.js:10895:21)
      at JSXParserMixin.parseExpressionBase (/Users/anahy/sign_language_project2/frontend/react_app/node_modules/@babel/parser/lib/index.js:10848:23)
      at /Users/anahy/sign_language_project2/frontend/react_app/node_modules/@babel/parser/lib/index.js:10844:39
      at JSXParserMixin.allowInAnd (/Users/anahy/sign_language_project2/frontend/react_app/node_modules/@babel/parser/lib/index.js:12495:16)
      at JSXParserMixin.parseExpression (/Users/anahy/sign_language_project2/frontend/react_app/node_modules/@babel/parser/lib/index.js:10844:17)
      at JSXParserMixin.parseStatementContent (/Users/anahy/sign_language_project2/frontend/react_app/node_modules/@babel/parser/lib/index.js:12971:23)
      at JSXParserMixin.parseStatementLike (/Users/anahy/sign_language_project2/frontend/react_app/node_modules/@babel/parser/lib/index.js:12843:17)
      at JSXParserMixin.parseStatementListItem (/Users/anahy/sign_language_project2/frontend/react_app/node_modules/@babel/parser/lib/index.js:12823:17)
      at JSXParserMixin.parseBlockOrModuleBlockBody (/Users/anahy/sign_language_project2/frontend/react_app/node_modules/@babel/parser/lib/index.js:13392:61)
      at JSXParserMixin.parseBlockBody (/Users/anahy/sign_language_project2/frontend/react_app/node_modules/@babel/parser/lib/index.js:13385:10)
      at JSXParserMixin.parseBlock (/Users/anahy/sign_language_project2/frontend/react_app/node_modules/@babel/parser/lib/index.js:13373:10)
      at JSXParserMixin.parseFunctionBody (/Users/anahy/sign_language_project2/frontend/react_app/node_modules/@babel/parser/lib/index.js:12174:24)
      at JSXParserMixin.parseFunctionBodyAndFinish (/Users/anahy/sign_language_project2/frontend/react_app/node_modules/@babel/parser/lib/index.js:12160:10)
      at /Users/anahy/sign_language_project2/frontend/react_app/node_modules/@babel/parser/lib/index.js:13521:12
      at JSXParserMixin.withSmartMixTopicForbiddingContext (/Users/anahy/sign_language_project2/frontend/react_app/node_modules/@babel/parser/lib/index.js:12477:14)
      at JSXParserMixin.parseFunction (/Users/anahy/sign_language_project2/frontend/react_app/node_modules/@babel/parser/lib/index.js:13520:10)
      at JSXParserMixin.parseExportDefaultExpression (/Users/anahy/sign_language_project2/frontend/react_app/node_modules/@babel/parser/lib/index.js:13983:19)
      at JSXParserMixin.parseExport (/Users/anahy/sign_language_project2/frontend/react_app/node_modules/@babel/parser/lib/index.js:13904:25)
      at JSXParserMixin.parseStatementContent (/Users/anahy/sign_language_project2/frontend/react_app/node_modules/@babel/parser/lib/index.js:12954:27)
      at JSXParserMixin.parseStatementLike (/Users/anahy/sign_language_project2/frontend/react_app/node_modules/@babel/parser/lib/index.js:12843:17)
      at JSXParserMixin.parseModuleItem (/Users/anahy/sign_language_project2/frontend/react_app/node_modules/@babel/parser/lib/index.js:12820:17)
      at JSXParserMixin.parseBlockOrModuleBlockBody (/Users/anahy/sign_language_project2/frontend/react_app/node_modules/@babel/parser/lib/index.js:13392:36)
      at JSXParserMixin.parseBlockBody (/Users/anahy/sign_language_project2/frontend/react_app/node_modules/@babel/parser/lib/index.js:13385:10)
      at JSXParserMixin.parseProgram (/Users/anahy/sign_language_project2/frontend/react_app/node_modules/@babel/parser/lib/index.js:12698:10)
      at JSXParserMixin.parseTopLevel (/Users/anahy/sign_language_project2/frontend/react_app/node_modules/@babel/parser/lib/index.js:12688:25)
      at JSXParserMixin.parse (/Users/anahy/sign_language_project2/frontend/react_app/node_modules/@babel/parser/lib/index.js:14568:25)
      at parse (/Users/anahy/sign_language_project2/frontend/react_app/node_modules/@babel/parser/lib/index.js:14602:38)
      at parser (/Users/anahy/sign_language_project2/frontend/react_app/node_modules/@babel/core/lib/parser/index.js:41:34)
      at parser.next (<anonymous>)
      at normalizeFile (/Users/anahy/sign_language_project2/frontend/react_app/node_modules/@babel/core/lib/transformation/normalize-file.js:64:37)
      at normalizeFile.next (<anonymous>)
      at run (/Users/anahy/sign_language_project2/frontend/react_app/node_modules/@babel/core/lib/transformation/index.js:22:50)
      at run.next (<anonymous>)
      at transform (/Users/anahy/sign_language_project2/frontend/react_app/node_modules/@babel/core/lib/transform.js:22:33)
      at transform.next (<anonymous>)
      at step (/Users/anahy/sign_language_project2/frontend/react_app/node_modules/gensync/index.js:261:32)
      at /Users/anahy/sign_language_project2/frontend/react_app/node_modules/gensync/index.js:273:13
      at async.call.result.err.err (/Users/anahy/sign_language_project2/frontend/react_app/node_modules/gensync/index.js:223:11)
      at /Users/anahy/sign_language_project2/frontend/react_app/node_modules/gensync/index.js:189:28
2:41:06 PM [vite] hmr update /src/components/TraductorIA.jsx
2:52:10 PM [vite] hmr update /src/components/TraductorIA.jsx
2:54:02 PM [vite] hmr update /src/components/TraductorIA.jsx
2:59:35 PM [vite] hmr update /src/components/TraductorIA.jsx
3:03:12 PM [vite] hmr update /src/components/TraductorIA.jsx
3:03:29 PM [vite] hmr update /src/components/TraductorIA.jsx
3:03:45 PM [vite] hmr update /src/components/TraductorIA.jsx
3:04:49 PM [vite] hmr update /src/components/TraductorIA.css
3:04:56 PM [vite] hmr update /src/components/TraductorIA.jsx
3:04:56 PM [vite] hmr update /src/components/TraductorIA.jsx
3:05:03 PM [vite] hmr update /src/components/TraductorIA.css
3:08:26 PM [vite] hmr update /src/components/TraductorIA.jsx
3:13:30 PM [vite] hmr update /src/components/TraductorIA.jsx
3:13:43 PM [vite] hmr update /src/components/TraductorIA.css
3:13:43 PM [vite] hmr update /src/components/TraductorIA.css
3:13:59 PM [vite] hmr update /src/components/TraductorIA.css
3:15:52 PM [vite] hmr update /src/components/TraductorIA.jsx
3:15:54 PM [vite] hmr update /src/components/TraductorIA.jsx
3:15:54 PM [vite] hmr update /src/components/TraductorIA.jsx
3:18:07 PM [vite] hmr update /src/components/TraductorIA.jsx
3:18:39 PM [vite] hmr update /src/components/TraductorIA.jsx
3:18:52 PM [vite] hmr update /src/components/TraductorIA.jsx
3:23:29 PM [vite] hmr update /src/components/TraductorIA.jsx
